CREATE EXTENSION ddl_original;
CREATE FUNCTION
CREATE PROCEDURE
SELECT btrim(regexp_replace(
    ddl_original.get_function_arguments(
        'public.ddl_original_regress_func(numeric, character varying)'::regprocedure
    ),
    '\s+',
    ' ',
    'g'
)) AS function_arguments;
           function_arguments           
----------------------------------------
 p_val numeric(10,2), p_txt varchar(12)
(1 row)

SELECT ddl_original.get_functiondef(
    'public.ddl_original_regress_func(numeric, character varying)'::regprocedure
) LIKE '%numeric(10,2)%varchar(12)%' AS function_definition_has_typmods;
 function_definition_has_typmods 
---------------------------------
 t
(1 row)

SELECT btrim(regexp_replace(
    ddl_original.get_function_arguments(
        'public.ddl_original_regress_proc(numeric, character varying)'::regprocedure
    ),
    '\s+',
    ' ',
    'g'
)) AS procedure_arguments;
          procedure_arguments           
----------------------------------------
 p_val numeric(10,2), p_txt varchar(12)
(1 row)

SELECT ddl_original.get_functiondef(
    'public.ddl_original_regress_proc(numeric, character varying)'::regprocedure
) LIKE '%numeric(10,2)%varchar(12)%' AS procedure_definition_has_typmods;
 procedure_definition_has_typmods 
----------------------------------
 t
(1 row)

DROP FUNCTION public.ddl_original_regress_func(numeric, character varying);
DROP PROCEDURE public.ddl_original_regress_proc(numeric, character varying);
SELECT count(*) AS remaining_captured_regress_routines
FROM ddl_original.routine_source
WHERE object_identity LIKE 'public.ddl_original_regress_%';
 remaining_captured_regress_routines 
-------------------------------------
                                   0
(1 row)

DROP EXTENSION ddl_original;
